digraph {
0[label="XC {X1, X3}"];
1[label="XC {X1, X3}"];
2[label="FP"];
3[label="FP OFF"];
0 -> 1;
1 -> 2;
1 -> 3;
}

