digraph {
0[label="XC {X, Z}"];
1[label="XC {X, Z}"];
2[label="XC {X, Z}"];
3[label="XC {X, Y1, Y2}"];
4[label="FP { 3, 1, 1, 1 }"];
5[label="FP { 2, 0, 0, 1 }"];
6[label="XC {X, Z}"];
0 -> 1;
1 -> 2;
2 -> 3;
2 -> 6;
3 -> 4;
3 -> 5;
}

