digraph {
0[label="XC {X1, X3}"];
1[label="XC {X1, X3}"];
2[label="XC {X1, X3}"];
0 -> 2;
1 -> 2;
}

